-24.3088
-0.672175
915.071
12.8611
-5.34728
494.636
14.9777
22.4851
340.222
4.37427
3.64955
251.122
-9.17409
-4.50804
202.533
-12.0292
-6.93479
182.244
-3.23984
20.0149
160.237
11.5205
0.304635
147.199
-15.6015
-20.5077
122.543
-15.085
-0.28434
121.974
3.08279
11.7519
177.322
9.68821
-5.55524
168.131
12.1788
17.4895
155.956
-0.197299
21.1332
147.566
-0.331254
10.1532
137.999
7.08867
-3.06472
129.287
-5.40092
-2.34237
122.684
-6.13311
1.2725
118.339
-1.41562
-0.515558
112.183
5.26612
-1.56218
107.83
